kind: pipeline
spec:
  stages:
  - name: build_and_test
    spec:
      platform:
        arch: amd64
        os: linux
      runtime:
        spec: {}
        type: cloud
      steps:
      - name: install_packages
        spec:
          run: yarn install
        type: script
      - name: Run tests
        spec:
          run: |-
            set -eo pipefail
            yarn test
          shell: bash
        type: script
      - name: Build app
        spec:
          run: |-
            set -eo pipefail
            yarn build
          shell: bash
        type: script
    type: ci
version: 1
