kind: pipeline
spec:
  stages:
  - name: build
    spec:
      steps:
      - name: run
        spec:
          run: echo "Hello,"
        type: script
      - name: run1
        spec:
          run: echo "World!"
        type: script
      - name: run2
        spec:
          run: ./build.sh
        type: script
    type: ci
version: 1
