kind: pipeline
spec:
  stages:
  - name: build
    spec:
      steps:
      - name: Build and test
        spec:
          run: npm install
        type: script
      - name: Build and test1
        spec:
          run: npm test
        type: script
      - name: Build and test2
        spec:
          run: echo "after script has run!"
        type: script
    type: ci
version: 1
