---
jobs:
  job1:
    services:
      nginx:
        image: nginx
        ports:
          - 8080:80
      redis:
        image: redis
        ports:
          - 6379/tcp
        env:
          db: redis
          password: password
          user: user
        volumes:
          - my_docker_volume:/volume_mount
          - /data/my_data
          - /source/directory:/destination/directory
        options:
        - --restart always
