jobs:
  job1:
    services:
      myservice1:
        image: ghcr.io/owner/myservice1
        credentials:
          username: username
          password: password
      myservice2:
        image: dockerhub_org/myservice2
        credentials:
          username: username
          password: password