kind: pipeline
spec:
  stages:
  - name: build
    spec:
      platform:
        arch: amd64
        os: linux
      runtime:
        spec: {}
        type: cloud
      steps:
      - name: The First Step
        spec:
          image: cimg/base:2021.04
          run: |
            set -eo pipefail
            echo 'Hello World!'
            echo 'This is the delivery pipeline'
          shell: bash
        type: script
      - name: The Second Step
        spec:
          image: cimg/base:2021.04
          run: |
            set -eo pipefail
            ls -al
            echo '^^^The files in your repo^^^'
          shell: bash
        type: script
    type: ci
version: 1
