kind: pipeline
spec:
  stages:
  - name: my-job
    spec:
      platform:
        arch: amd64
        os: linux
      runtime:
        spec: {}
        type: cloud
      steps:
      - spec:
          image: cimg/base:stable
          run: |-
            set -eo pipefail
            echo "Hello My-Name"
          shell: bash
        type: script
    type: ci
version: 1
