kind: pipeline
spec:
  stages:
  - name: runner-job
    spec:
      platform:
        arch: amd64
        os: linux
      runtime:
        spec: {}
        type: cloud
      steps:
      - name: redis
        spec:
          image: redis
          ports:
          - 6379:6379
        type: background
    type: ci
version: 1
