pipeline:
  inputs:
    username:
      type: string
      default: ubuntu
    password:
      type: string

  repo:
    connector: github
    name: harness/hello-world

  clone:
    depth: 50
    enabled: false

  env:
    GOOS: linux

  stages:
  #
  # test run step and container variations
  #
  - steps:
    - run:
        script: go build
    - run:
        script: go build
    - run:
        script: go build
        container:
          image: golang
    - run:
        script:
        - go build
        - go test
        container:
          image: golang
          pull: if-not-exists

  #
  # test environment variations
  #
  - group:
      stages:
      - environment:
          items:
          - name: prod
      - environment:
          sequential: true
          items:
          - name: test
          - name: prod
            deploy-to: all

  #
  # test service variations
  #
  - group:
      stages:
      - service: petstore
      - service:
          items:
          - petstore-frontend
          - petstore-backend
      - service:
          sequential: true
          items:
          - petstore-frontend
          - petstore-backend
