kind: pipeline
spec:
  options: {}
  stages:
  - name: default
    spec:
      clone: {}
      runtime:
        spec: {}
        type: machine
      steps:
      - name: docker
        spec:
          image: plugins/docker
          with:
            password: <+secrets.getValue("org.FIRST_ORG_SECRET")>
            repo: foo/bar
            ssh-agent-key: <+secrets.getValue("private_key")>
            tags:
            - latest
            - main
            username: kevinbacon
        type: plugin
    type: ci
version: 1
