version: 1
pipeline:
  env:
    BRANCH_NAME: <+trigger.branch>
    BUILD_ID: <+pipeline.sequenceId>
    COMMIT_SHA: <+trigger.commitSha>
    PROJECT_ID: <+project.name>
    PROJECT_NUMBER: <+pipeline.sequenceId>
    REPO_NAME: <+trigger.payload.repository.name>
    REVISION_ID: <+trigger.commitSha>
    SHORT_SHA: <+codebase.shortCommitSha>
    TAG_NAME: <+trigger.commitSha>
  stages:
  - platform:
      arch: amd64
      os: linux
    runtime:
      cloud: {}
    volumes:
      - name: dockersock
        uses: bind
        with:
          path: /var/run/docker.sock
    steps:
      - name: npm
        run:
          container:
            args: --version
            entrypoint: node
            image: gcr.io/cloud-builders/npm
            volumes:
            - source: dockersock
              target: /var/run/docker.sock

