{
    "pipelines": {
        "default": [
            {
                "step": {
                    "script": [
                        "echo \"Hello,\"",
                        "echo \"World!\"",
                        "./build.sh"
                    ]
                }
            }
        ]
    }
}