{
    "pipelines": {
        "default": [
            {
                "step": {
                    "name": "Build",
                    "script": [
                        "npm run build"
                    ],
                    "artifacts": [
                        "dist/**"
                    ]
                }
            },
            {
                "step": {
                    "name": "Deploy",
                    "trigger": "manual",
                    "script": [
                        "./deploy.sh"
                    ]
                }
            }
        ]
    }
}