{
    "definitions": {
        "caches": {
            "my-bundler-cache": "vendor/bundle"
        }
    },
    "pipelines": {
        "default": [
            {
                "step": {
                    "caches": [
                        "my-bundler-cache",
                        "node"
                    ],
                    "script": [
                        "bundle install --path vendor/bundle",
                        "ruby -e 'print \"Hello, World\\n\"'"
                    ]
                }
            }
        ]
    }
}