kind: pipeline
spec:
  stages:
  - name: build-push
    spec:
      platform:
        arch: amd64
        os: linux
      runtime:
        spec: {}
        type: cloud
      steps:
      - name: env
        spec:
          image: alpine:3.11
          run: |-
            set -leo pipefail
            env
          shell: sh
        type: script
    type: ci
version: 1
