kind: pipeline
spec:
  options:
    clone: {}
  stages:
  - desc: converted from travis.yml
    name: pipeline
    spec:
      steps:
      - name: install
        spec:
          run: bundle install --jobs=3 --retry=3
        type: script
      - name: script
        spec:
          run: rake
        type: script
    type: ci
version: 1
