release_job:
    image:
        name: registry.gitlab.com/gitlab-org/release-cli:latest
    release:
        tag_name: $CI_COMMIT_TAG
        name: Release $CI_COMMIT_TAG
        description: Release created using the release-cli.
    rules:
        - if: $CI_COMMIT_TAG
    script:
        - echo "Running the release job."
    stage: release
