kind: pipeline
spec:
  stages:
  - name: build
    spec:
      platform:
        arch: amd64
        os: linux
      runtime:
        spec: {}
        type: cloud
      steps:
      - name: datadog_setup
        spec:
          envs:
            DD_AGENT_MAJOR_VERSION: "7"
            DD_API_KEY: DATADOG_API_KEY
            DD_APM_ENABLED: "true"
            DD_HOSTNAME: none
            DD_INSTALL_ONLY: "true"
            DD_SITE: datadoghq.com
          run: |-
            bash -c "$(curl -L "https://s3.amazonaws.com/dd-agent/scripts/install_script_agent7.sh")"
            find /etc/datadog-agent/conf.d/ -iname "*.yaml.default" -delete
            service datadog-agent start
            echo "waiting for data-dog agent to start"
            sleep 30
        type: script
      - name: datadog_stop
        spec:
          run: service datadog-agent stop
        type: script
    type: ci
version: 1
