kind: pipeline
spec:
  stages:
  - name: notify
    spec:
      platform:
        arch: amd64
        os: linux
      runtime:
        spec: {}
        type: cloud
      steps:
      - name: notify_slack
        spec:
          image: plugins/slack
          with:
            custom.block: |
              {
                "blocks": [
                  {
                    "type": "section",
                    "fields": [
                      {
                        "type": "plain_text",
                        "text": "*This is a text notification*",
                        "emoji": true
                      }
                    ]
                  }
                ]
              }
        type: plugin
    type: ci
version: 1
