kind: pipeline
spec:
  stages:
  - name: hello-job
    spec:
      platform:
        arch: arm64
        os: linux
      runtime:
        spec: {}
        type: cloud
      steps:
      - spec:
          run: |-
            set -eo pipefail
            echo "hello world"
          shell: bash
        type: script
    type: ci
version: 1
