kind: pipeline
spec:
  stages:
  - name: test
    spec:
      steps:
      - name: job
        spec:
          envs:
            FIRST_SECRET: <+secrets.getValue("FIRST_SECRET")>
            SECOND_SECRET: <+secrets.getValue("SECOND_SECRET")>
            VAULT_SECRET: <+secrets.getValue("VAULT_SECRET")>
          run: echo "reading secrets"
        type: script
    type: ci
version: 1
