kind: pipeline
spec:
  stages:
  - desc: converted from travis.yml
    name: pipeline
    spec:
      envs:
        TRAVIS_CRYSTAL_VERSION: <+matrix.crystal>
      steps:
      - name: install
        spec:
          run: shards install
        type: script
      - name: script
        spec:
          run: crystal spec
        type: script
    strategy:
      spec:
        axis:
          crystal:
          - latest
          - nightly
          - 0.35.1.
      type: matrix
    type: ci
version: 1
