kind: pipeline
spec:
  stages:
  - desc: converted from travis.yml
    name: pipeline
    spec:
      envs:
        TRAVIS_GO_VERSION: <+matrix.go>
      steps:
      - name: install
        spec:
          run: go install
        type: script
      - name: script
        spec:
          run: go test -v
        type: script
    strategy:
      spec:
        axis:
          go:
          - "1"
          - "1.10"
          - "1.11"
          - master
      type: matrix
    type: ci
version: 1
