pipeline:
  identifier: default
  name: default
  orgIdentifier: default
  projectIdentifier: default
  properties:
    ci:
      codebase:
        build: <+input>
  stages:
  - stage:
      identifier: test1
      name: test
      spec:
        cloneCodebase: true
        execution:
          steps:
          - step:
              identifier: test
              name: test
              spec:
                command: echo "this is the test job"
                image: cimg/base:2023.03
              timeout: ""
              type: Run
        platform:
          arch: Amd64
          os: Linux
        runtime:
          spec: {}
          type: Cloud
      type: CI

---
pipeline:
  identifier: default
  name: default
  orgIdentifier: default
  projectIdentifier: default
  properties:
    ci:
      codebase:
        build: <+input>
  stages:
  - stage:
      identifier: build1
      name: build
      spec:
        cloneCodebase: true
        execution:
          steps:
          - step:
              identifier: build
              name: build
              spec:
                command: echo "this is the build job"
                image: cimg/base:2023.03
              timeout: ""
              type: Run
        platform:
          arch: Amd64
          os: Linux
        runtime:
          spec: {}
          type: Cloud
      type: CI
