pipeline:
  identifier: default
  name: default
  orgIdentifier: default
  projectIdentifier: default
  properties:
    ci:
      codebase:
        build: <+input>
  stages:
  - stage:
      identifier: test
      name: test
      spec:
        cloneCodebase: true
        execution:
          steps:
          - step:
              identifier: publish
              name: publish
              spec:
                envVariables:
                  SOME_VAR: value
                  PASSWORD: <+secrets.getValue("PASSWORD")>
                  USERNAME: <+secrets.getValue("USERNAME")>
                image: plugins/example
                imagePullPolicy: Always
                settings:
                  tag: "1"
              timeout: ""
              type: Plugin
        platform:
          arch: Amd64
          os: Linux
        runtime:
          spec: {}
          type: Cloud
      type: CI
