pipeline:
  identifier: default
  name: default
  orgIdentifier: default
  projectIdentifier: default
  properties:
    ci:
      codebase:
        build: <+input>
  stages:
  - stage:
      identifier: test
      name: test
      spec:
        cloneCodebase: true
        execution:
          steps:
          - step:
              identifier: script
              name: script
              spec:
                command: pip3 install
              timeout: ""
              type: Run
          - step:
              identifier: script1
              name: script1
              spec:
                command: echo hello
              timeout: ""
              type: Run
        platform:
          arch: Amd64
          os: Linux
        runtime:
          spec: {}
          type: Cloud
      type: CI
