pipeline:
  identifier: default
  name: default
  orgIdentifier: default
  projectIdentifier: default
  properties:
    ci:
      codebase:
        build: <+input>
  stages:
  - stage:
      identifier: test
      name: test
      spec:
        cloneCodebase: true
        execution:
          steps:
          - step:
              identifier: nginx
              name: nginx
              spec:
                image: nginx
                portBindings:
                    "8080": "80"
                    "9090": "9090"
              timeout: ""
              type: Background
        platform:
          arch: Amd64
          os: Linux
        runtime:
          spec: {}
          type: Cloud
      type: CI
