pipeline:
  identifier: default
  name: default
  orgIdentifier: default
  projectIdentifier: default
  properties:
    ci:
      codebase:
        build: <+input>
  stages:
  - stage:
      identifier: test
      name: test
      spec:
        cloneCodebase: true
        execution:
          steps:
          - parallel:
            - step:
                identifier: test1
                name: test1
                spec:
                  command: |-
                    echo "Do a test here"
                    echo "For example run a test suite"
                  image: busybox:latest
                timeout: ""
                type: Run
            - step:
                identifier: test2
                name: test2
                spec:
                  command: |-
                    echo "Do another parallel test here"
                    echo "For example run a lint test"
                  image: busybox:latest
                timeout: ""
                type: Run
        platform:
          arch: Amd64
          os: Linux
        runtime:
          spec: {}
          type: Cloud
      type: CI
