kind: pipeline
spec:
  stages:
  - name: build
    spec:
      steps:
      - name: my-service-name
        spec:
          envs:
            MARIADB_PASSWORD: $MY_MARIADB_PASSWORD
            MARIADB_ROOT_PASSWORD: $MARIADB_ADMIN_PASSWORD
            MARIADB_USER: $MY_MARIADB_USER
          image: mariadb:latest
          network: host
        type: background
      - name: Hello world example
        spec:
          run: echo "Hello, World"
        type: script
    type: ci
version: 1
