kind: pipeline
spec:
  stages:
  - name: build
    spec:
      steps:
      - name: dind
        spec:
          image: docker:dind
          network: host
          ports:
          - "2375"
          - "2376"
          privileged: true
        type: background
      - name: Hello world example2
        spec:
          steps:
          - name: Hello world example
            spec:
              run: docker version
            type: script
          - name: Hello world example1
            spec:
              run: docker run hello-world
            type: script
        type: group
    type: ci
version: 1
