stages:
- name: build
  spec:
    steps:
    - name: test
      spec:
        steps:
        - name: job1
          spec:
            run: execute_script_1
          type: script
        - name: job2
          spec:
            run: execute_script_2
          type: script
      type: parallel
    - name: job3
      spec:
        run: deploy_to_staging
      type: script
  type: ci
version: 1
