kind: pipeline
spec:
  stages:
  - desc: converted from travis.yml
    name: pipeline
    spec:
      steps:
      - name: couchdb
        spec:
          envs:
            COUCHDB_PASSWORD: travis
            COUCHDB_USER: admin
          image: couchdb
          ports:
          - "5984"
        type: background
      - name: install
        spec:
          run: bundle install --jobs=3 --retry=3
        type: script
      - name: script
        spec:
          run: rake
        type: script
    type: ci
version: 1
