kind: pipeline
spec:
  stages:
  - name: container-job
    spec:
      clone: {}
      platform:
        arch: amd64
        os: linux
      runtime:
        spec: {}
        type: cloud
      steps:
      - name: postgres
        spec:
          image: postgres
        type: background
      - name: Install dependencies
        spec:
          image: node:10.18-jessie
          run: npm ci
        type: script
      - name: Connect to PostgreSQL
        spec:
          envs:
            POSTGRES_HOST: postgres
            POSTGRES_PORT: "5432"
          image: node:10.18-jessie
          run: node client.js
        type: script
    type: ci
version: 1
