name: example
stages:
- name: job1
  spec:
    platform:
      arch: amd64
      os: linux
    runtime:
      spec: {}
      type: cloud
    steps:
    - name: step1
      "on":
        failure:
          errors:
          - all
          spec: {}
          type: ignore
      spec:
        run: echo continue on error
      type: script
    - name: step2
      spec:
        run: echo do not continue on error
      type: script
    - name: step3
      spec:
        run: echo step3
      type: script
  type: ci
version: 1
