variables:
    VARIABLE1: This is variable 1
    VARIABLE2: This is variable 2
    VARIABLE3: This is variable 3
job1:
    inherit:
        variables: false
    script:
        - echo "This job does not inherit any global variables."
job2:
    inherit:
        variables:
            - VARIABLE1
            - VARIABLE2
    script:
        - echo "This job inherits only the two listed global variables. It does not inherit 'VARIABLE3'."

